// Jest Snapshot v1, https://goo.gl/fbAQLP

exports[`Badge Component renders correctly 1`] = `
<View
  style={
    [
      {
        "alignItems": "center",
        "borderRadius": 50,
        "height": 22,
        "justifyContent": "center",
        "position": "absolute",
        "right": -7,
        "top": -10,
        "width": 22,
        "zIndex": 1,
      },
      {
        "backgroundColor": "#0a7ea4",
      },
    ]
  }
  testID="badge"
>
  <Text
    className="text-center text-xs text-white"
  >
    1
  </Text>
</View>
`;
