// Jest Snapshot v1, https://goo.gl/fbAQLP

exports[`Header Component drawer button renders correctly 1`] = `
<View
  className="h-28 justify-end px-5 bg-white dark:bg-black"
  testID="header"
>
  <View
    className="flex-row items-center justify-between mb-5"
  >
    <View
      className="bg-transparent flex-row items-center dark:bg-transparent gap-2"
      testID="header-content"
    >
      <View
        testID="icon-flame"
      />
      <Text
        className="text-black font-bold text-3xl dark:text-white"
        testID="app-name"
      >
        Fox
      </Text>
    </View>
    <View
      className="flex-row items-center gap-14"
    >
      <View
        accessibilityState={
          {
            "busy": undefined,
            "checked": undefined,
            "disabled": undefined,
            "expanded": undefined,
            "selected": undefined,
          }
        }
        accessibilityValue={
          {
            "max": undefined,
            "min": undefined,
            "now": undefined,
            "text": undefined,
          }
        }
        accessible={true}
        collapsable={false}
        focusable={true}
        onClick={[Function]}
        onResponderGrant={[Function]}
        onResponderMove={[Function]}
        onResponderRelease={[Function]}
        onResponderTerminate={[Function]}
        onResponderTerminationRequest={[Function]}
        onStartShouldSetResponder={[Function]}
        style={
          {
            "opacity": 1,
          }
        }
        testID="notification-button"
      >
        <View
          style={
            [
              {
                "alignItems": "center",
                "borderRadius": 50,
                "height": 22,
                "justifyContent": "center",
                "position": "absolute",
                "right": -7,
                "top": -10,
                "width": 22,
                "zIndex": 1,
              },
              {
                "backgroundColor": "#f44336",
              },
            ]
          }
          testID="badge"
        >
          <Text
            className="text-center text-xs text-white"
          >
            4
          </Text>
        </View>
        <View
          testID="icon-bell"
        />
      </View>
      <View
        accessibilityState={
          {
            "busy": undefined,
            "checked": undefined,
            "disabled": undefined,
            "expanded": undefined,
            "selected": undefined,
          }
        }
        accessibilityValue={
          {
            "max": undefined,
            "min": undefined,
            "now": undefined,
            "text": undefined,
          }
        }
        accessible={true}
        collapsable={false}
        focusable={true}
        onClick={[Function]}
        onResponderGrant={[Function]}
        onResponderMove={[Function]}
        onResponderRelease={[Function]}
        onResponderTerminate={[Function]}
        onResponderTerminationRequest={[Function]}
        onStartShouldSetResponder={[Function]}
        style={
          {
            "opacity": 1,
          }
        }
        testID="drawer-button"
      >
        <View
          testID="icon-gear"
        />
      </View>
    </View>
  </View>
</View>
`;
