// Jest Snapshot v1, https://goo.gl/fbAQLP

exports[`InputComponent render correctly 1`] = `
<View
  style={
    [
      {
        "alignItems": "center",
        "borderColor": "#C96E28",
        "borderRadius": 40,
        "borderWidth": 2,
        "flexDirection": "row",
        "height": 50,
      },
      undefined,
    ]
  }
>
  <View
    style={
      {
        "backgroundColor": "#C96E28",
        "borderBottomLeftRadius": 40,
        "borderTopStartRadius": 40,
        "height": 50,
        "justifyContent": "center",
        "marginLeft": -1,
        "paddingHorizontal": 7,
      }
    }
  >
    <Text
      style={
        [
          {
            "color": "#11181C",
          },
          {
            "fontFamily": "MaximaNouva",
            "fontSize": 16,
            "lineHeight": 24,
          },
          undefined,
          undefined,
          undefined,
          undefined,
          {
            "color": "#fff",
          },
        ]
      }
    >
      username
    </Text>
  </View>
  <TextInput
    aria-label="username"
    autoCapitalize="none"
    secureTextEntry={false}
    selectionColor="#C96E28"
    style={
      [
        {
          "backgroundColor": "transparent",
          "flex": 2,
          "fontSize": 17,
          "lineHeight": 23,
          "paddingHorizontal": 5,
          "textAlign": "auto",
        },
        {
          "color": "#11181C",
        },
      ]
    }
    underlineColorAndroid="transparent"
  />
</View>
`;
