// Jest Snapshot v1, https://goo.gl/fbAQLP

exports[`ImageComponent render component correctly 1`] = `
<Image
  alt="logo"
  aria-label="logo"
  resizeMode="contain"
  source={1}
  style={
    [
      {
        "aspectRatio": 1,
        "height": 130,
      },
      undefined,
    ]
  }
  testID="logo"
/>
`;
